+50.5000000000000000000000000000000
+26.2400990099009909783944749506190
+15.0255301199868132044912272249348
+10.8404346730269249832190325832926
+10.0325785109606044898100662976503
+10.0000528956426926185940828872845
+10.0000000001398969828869667253457
+10.0000000000000000000000000000000
+10.0000000000000000000000000000000
