2.87821171299598788096
2.64557379933410752315
2.61150942900438964855
2.61086885967788040475
2.61086863814990222110
2.61086863814987601984
2.61086863814987601984
