2.56494935746153673861
2.60748921278004397450
2.61062031858513909910
2.61085039377205108124
2.61086729772183012699
2.61086853966768872581
2.61086863091432119788
2.61086863761827459030
2.61086863811081881792
2.61086863814700631536
2.61086863814966507746
2.61086863814986047672
2.61086863814987468757
2.61086863814987601984
2.61086863814987601984
